\BOOKMARK [1][-]{section.1}{\376\377\000D\000e\000s\000c\000r\000i\000\347\000\343\000o\000\040\000d\000o\000\040\000P\000r\000o\000b\000l\000e\000m\000a}{}% 1
\BOOKMARK [2][-]{subsection.1.1}{\376\377\000C\000o\000n\000t\000e\000x\000t\000o\000\040\000e\000\040\000M\000o\000t\000i\000v\000a\000\347\000\343\000o}{section.1}% 2
\BOOKMARK [2][-]{subsection.1.2}{\376\377\000F\000o\000r\000m\000u\000l\000a\000\347\000\343\000o\000\040\000M\000a\000t\000e\000m\000\341\000t\000i\000c\000a}{section.1}% 3
\BOOKMARK [2][-]{subsection.1.3}{\376\377\000C\000o\000n\000j\000u\000n\000t\000o\000\040\000d\000e\000\040\000D\000a\000d\000o\000s}{section.1}% 4
\BOOKMARK [2][-]{subsection.1.4}{\376\377\000A\000p\000l\000i\000c\000a\000\347\000\365\000e\000s\000\040\000A\000s\000s\000o\000c\000i\000a\000d\000a\000s}{section.1}% 5
\BOOKMARK [1][-]{section.2}{\376\377\000M\000\351\000t\000o\000d\000o\000s\000\040\000A\000p\000l\000i\000c\000a\000d\000o\000s\000\040\000\340\000\040\000S\000o\000l\000u\000\347\000\343\000o}{}% 6
\BOOKMARK [2][-]{subsection.2.1}{\376\377\000M\000\351\000t\000o\000d\000o\000\040\0001\000:\000\040\000S\000V\000D\000\040\000S\000i\000m\000p\000l\000e\000s\000\040\000\050\000A\000p\000r\000o\000x\000i\000m\000a\000\347\000\343\000o\000\040\000d\000e\000\040\000B\000a\000i\000x\000o\000\040\000P\000o\000s\000t\000o\000\051}{section.2}% 7
\BOOKMARK [3][-]{subsubsection.2.1.1}{\376\377\000D\000e\000s\000c\000r\000i\000\347\000\343\000o\000\040\000G\000e\000r\000a\000l}{subsection.2.1}% 8
\BOOKMARK [3][-]{subsubsection.2.1.2}{\376\377\000F\000o\000r\000m\000u\000l\000a\000\347\000\343\000o}{subsection.2.1}% 9
\BOOKMARK [3][-]{subsubsection.2.1.3}{\376\377\000A\000l\000g\000o\000r\000i\000t\000m\000o}{subsection.2.1}% 10
\BOOKMARK [3][-]{subsubsection.2.1.4}{\376\377\000P\000r\000o\000p\000r\000i\000e\000d\000a\000d\000e\000s\000\040\000e\000\040\000C\000o\000m\000p\000l\000e\000x\000i\000d\000a\000d\000e}{subsection.2.1}% 11
\BOOKMARK [3][-]{subsubsection.2.1.5}{\376\377\000J\000u\000s\000t\000i\000f\000i\000c\000a\000t\000i\000v\000a\000\040\000p\000a\000r\000a\000\040\000o\000\040\000P\000r\000o\000b\000l\000e\000m\000a}{subsection.2.1}% 12
\BOOKMARK [2][-]{subsection.2.2}{\376\377\000M\000\351\000t\000o\000d\000o\000\040\0002\000:\000\040\000P\000C\000A\000\040\000C\000l\000\341\000s\000s\000i\000c\000o\000\040\000\050\000S\000V\000D\000\040\000s\000o\000b\000r\000e\000\040\000D\000a\000d\000o\000s\000\040\000C\000e\000n\000t\000r\000a\000l\000i\000z\000a\000d\000o\000s\000\051}{section.2}% 13
\BOOKMARK [3][-]{subsubsection.2.2.1}{\376\377\000D\000e\000s\000c\000r\000i\000\347\000\343\000o\000\040\000G\000e\000r\000a\000l}{subsection.2.2}% 14
\BOOKMARK [3][-]{subsubsection.2.2.2}{\376\377\000F\000o\000r\000m\000u\000l\000a\000\347\000\343\000o}{subsection.2.2}% 15
\BOOKMARK [3][-]{subsubsection.2.2.3}{\376\377\000A\000l\000g\000o\000r\000i\000t\000m\000o}{subsection.2.2}% 16
\BOOKMARK [3][-]{subsubsection.2.2.4}{\376\377\000P\000r\000o\000p\000r\000i\000e\000d\000a\000d\000e\000s\000\040\000e\000\040\000C\000o\000m\000p\000l\000e\000x\000i\000d\000a\000d\000e}{subsection.2.2}% 17
\BOOKMARK [2][-]{subsection.2.3}{\376\377\000M\000\351\000t\000o\000d\000o\000\040\0003\000:\000\040\000R\000o\000b\000u\000s\000t\000\040\000P\000C\000A\000\040\000v\000i\000a\000\040\000I\000n\000e\000x\000a\000c\000t\000\040\000A\000L\000M}{section.2}% 18
\BOOKMARK [3][-]{subsubsection.2.3.1}{\376\377\000D\000e\000s\000c\000r\000i\000\347\000\343\000o\000\040\000G\000e\000r\000a\000l}{subsection.2.3}% 19
\BOOKMARK [3][-]{subsubsection.2.3.2}{\376\377\000F\000o\000r\000m\000u\000l\000a\000\347\000\343\000o}{subsection.2.3}% 20
\BOOKMARK [3][-]{subsubsection.2.3.3}{\376\377\000A\000l\000g\000o\000r\000i\000t\000m\000o\000\040\040\024\000\040\000I\000n\000e\000x\000a\000c\000t\000\040\000A\000L\000M}{subsection.2.3}% 21
\BOOKMARK [3][-]{subsubsection.2.3.4}{\376\377\000P\000r\000o\000p\000r\000i\000e\000d\000a\000d\000e\000s\000\040\000e\000\040\000C\000o\000m\000p\000l\000e\000x\000i\000d\000a\000d\000e}{subsection.2.3}% 22
\BOOKMARK [3][-]{subsubsection.2.3.5}{\376\377\000J\000u\000s\000t\000i\000f\000i\000c\000a\000t\000i\000v\000a\000\040\000p\000a\000r\000a\000\040\000o\000\040\000P\000r\000o\000b\000l\000e\000m\000a}{subsection.2.3}% 23
\BOOKMARK [1][-]{section.3}{\376\377\000I\000m\000p\000l\000e\000m\000e\000n\000t\000a\000\347\000\343\000o}{}% 24
\BOOKMARK [2][-]{subsection.3.1}{\376\377\000A\000m\000b\000i\000e\000n\000t\000e\000\040\000e\000\040\000D\000e\000p\000e\000n\000d\000\352\000n\000c\000i\000a\000s}{section.3}% 25
\BOOKMARK [2][-]{subsection.3.2}{\376\377\000E\000t\000a\000p\000a\000\040\0001\000:\000\040\000C\000a\000r\000r\000e\000g\000a\000m\000e\000n\000t\000o\000\040\000e\000\040\000C\000o\000n\000s\000t\000r\000u\000\347\000\343\000o\000\040\000d\000a\000\040\000M\000a\000t\000r\000i\000z\000\040\000M}{section.3}% 26
\BOOKMARK [2][-]{subsection.3.3}{\376\377\000E\000t\000a\000p\000a\000\040\0002\000:\000\040\000S\000V\000D\000\040\000S\000i\000m\000p\000l\000e\000s}{section.3}% 27
\BOOKMARK [2][-]{subsection.3.4}{\376\377\000E\000t\000a\000p\000a\000\040\0003\000:\000\040\000P\000C\000A\000\040\000C\000l\000\341\000s\000s\000i\000c\000o}{section.3}% 28
\BOOKMARK [2][-]{subsection.3.5}{\376\377\000E\000t\000a\000p\000a\000\040\0004\000:\000\040\000R\000o\000b\000u\000s\000t\000\040\000P\000C\000A\000\040\000v\000i\000a\000\040\000I\000n\000e\000x\000a\000c\000t\000\040\000A\000L\000M}{section.3}% 29
\BOOKMARK [1][-]{section.4}{\376\377\000C\000o\000m\000p\000a\000r\000a\000\347\000\343\000o\000\040\000d\000o\000s\000\040\000M\000\351\000t\000o\000d\000o\000s}{}% 30
\BOOKMARK [1][-]{section.5}{\376\377\000C\000o\000n\000c\000l\000u\000s\000\343\000o}{}% 31
\BOOKMARK [1][-]{section.5}{\376\377\000R\000e\000f\000e\000r\000\352\000n\000c\000i\000a\000s}{}% 32
